// Jest Snapshot v1, https://goo.gl/fbAQLP

exports[`ThemedSearchField Testing simple render should render ThemedSearchField component and match the snapshot 1`] = `ShallowWrapper {}`;

exports[`ThemedSearchField Testing simple render should render ThemedSearchField component with props and match the snapshot 1`] = `ShallowWrapper {}`;

exports[`ThemedSearchField should render ThemedSearchField component and match the snapshot 1`] = `ShallowWrapper {}`;

exports[`ThemedSearchField should render ThemedSearchField component with props and match the snapshot 1`] = `ShallowWrapper {}`;
