// Jest Snapshot v1, https://goo.gl/fbAQLP

exports[`ThemedToolbar component should render ThemedToolbar component 1`] = `ShallowWrapper {}`;
