// Jest Snapshot v1, https://goo.gl/fbAQLP

exports[`ThemedCheckbox component should render ThemedCheckbox component 1`] = `ShallowWrapper {}`;
