// Jest Snapshot v1, https://goo.gl/fbAQLP

exports[`ViewJob component should render ViewJob component 1`] = `ShallowWrapper {}`;
